1,Store,3,28728928,
1,Load,4,28728928,
1,Store,53,28728928,
1,Store,54,139690254667792,
1,Load,57,139690254667792,
