1,Load,3,28728928,
1,Load,4,28728928,
1,Store,53,139690254667792,
1,Store,54,28728928,
1,Load,57,139690254667792,
